// Jest Snapshot v1, https://goo.gl/fbAQLP

exports[`<RateLimit /> should render the heading 1`] = `
.c0 {
  display: -webkit-box;
  display: -webkit-flex;
  display: -ms-flexbox;
  display: flex;
  -webkit-flex-direction: column;
  -ms-flex-direction: column;
  flex-direction: column;
  -webkit-align-items: center;
  -webkit-box-align: center;
  -ms-flex-align: center;
  align-items: center;
  text-align: center;
}

.c1 {
  max-width: 100%;
  margin-top: 1.6rem;
}

.c2 {
  color: #F231A5;
  font-size: 2.8rem;
}

.c3 {
  color: #FAFAFA;
  font-size: 1.8rem;
  font-weight: 300;
  margin-bottom: 3.2rem;
}

<main
  class="c0"
>
  <img
    alt="Um computador com um triÃ¢ngulo vermelho sobre ele"
    class="c1"
    role="img"
    src="/img/limit.png"
  />
  <h2
    class="c2"
  >
    A simple title
  </h2>
  <p
    class="c3"
  >
    A simple description
  </p>
</main>
`;
